C51 COMPILER V9.60.7.0   MAIN                                                              12/13/2023 13:03:18 PAGE 1   


C51 COMPILER V9.60.7.0, COMPILATION OF MODULE MAIN
OBJECT MODULE PLACED IN .\Objects\main.obj
COMPILER INVOKED BY: D:\Keil_v5\C51\BIN\C51.EXE User\main.c LARGE WARNINGLEVEL(1) OPTIMIZE(8,SPEED) BROWSE INCDIR(.\Driv
                    -er;.\User) DEBUG OBJECTEXTEND PRINT(.\Listings\main.lst) TABS(2) OBJECT(.\Objects\main.obj)

line level    source

   1          #include "main.h"
   2          #include "Gpio.h"
   3          #include "Timer.h"
   4          #include "DHT.h"
   5          #include "Pwm.h"
   6          #include "oled.h"
   7          #include "stdio.h"
   8          #include "interrupt.h"
   9          #include "ws2812b.h"
  10          #include "Menu.h"
  11          #include "Buzzer.h"
  12          
  13           
  14          
  15          //=========================================
  16          
  17          //============函数定义===================
  18          
  19          char  leddata[] = {000,000,000};
  20          //============变量定义===================
  21          
  22          void main(void)
  23          { 
  24   1        Buzzer = 0;//关闭蜂鸣器
  25   1        //LED = 1;
  26   1        
  27   1        Gpio_init();//GPIO初始化
  28   1        
  29   1        Timer2_init();//定时器初始化
  30   1        Timer3Init();
  31   1      
  32   1        //Pwm_init();//产生pwm;占空比50%
  33   1      //  UpdatePwm();//更新占空比   //在PWM.C中更改占空比使得产生频率为108khz
  34   1        
  35   1        //OLED初始化
  36   1        OLED_Init();      //初始化OLED 
  37   1        OLED_Clear();
  38   1        
  39   1        
  40   1        
  41   1        
  42   1        WS_SendData(&leddata);
  43   1        //Send_offled();
  44   1        //Send_offled();
  45   1        //相关开关
  46   1        EA = 1;     //打开总中断
  47   1      
  48   1        while(1)
  49   1        {
  50   2          //Send_offled();
  51   2      
  52   2          //LED = 0;
  53   2      
  54   2          DHT11_receive();//接收实时温度
C51 COMPILER V9.60.7.0   MAIN                                                              12/13/2023 13:03:18 PAGE 2   

  55   2          //Display_Screen();
  56   2          Key_Proc();
  57   2            
  58   2          
  59   2          
  60   2        }
  61   1      }
  62          
  63          
  64          
  65          
  66          


MODULE INFORMATION:   STATIC OVERLAYABLE
   CODE SIZE        =     36    ----
   CONSTANT SIZE    =   ----    ----
   XDATA SIZE       =      3    ----
   PDATA SIZE       =   ----    ----
   DATA SIZE        =   ----    ----
   IDATA SIZE       =   ----    ----
   BIT SIZE         =   ----    ----
END OF MODULE INFORMATION.


C51 COMPILATION COMPLETE.  0 WARNING(S),  0 ERROR(S)
